// Jest Snapshot v1, https://goo.gl/fbAQLP

exports[`test Spinner component matches snapshot 1`] = `
<div
  className="spinner"
/>
`;
