// Jest Snapshot v1, https://goo.gl/fbAQLP

exports[`test HtmlString component matches snapshot 1`] = `
<span
  dangerouslySetInnerHTML={
    Object {
      "__html": "Test String with <p>html</p>",
    }
  }
/>
`;
